�� 
 >   p o l i c y m a t c h - k o r e a @ 0 . 1 . 0   b u i l d  
 >   n e x t   b u i l d  
  
 ? ? N e x t . j s   1 6 . 1 . 6   ( T u r b o p a c k )  
 -   E n v i r o n m e n t s :   . e n v . l o c a l ,   . e n v  
  
     C r e a t i n g   a n   o p t i m i z e d   p r o d u c t i o n   b u i l d   . . .  
 ? ? C o m p i l e d   s u c c e s s f u l l y   i n   8 . 3 s  
     R u n n i n g   T y p e S c r i p t   . . .  
 n o d e . e x e   :   F a i l e d   t o   c o m p i l e .  
 �X�  �: 1   8��: 1  
 +   &   " C : \ P r o g r a m   F i l e s \ n o d e j s / n o d e . e x e "   " C : \ P r o g r a m   F i l e s \ n o d e j s / n o d e _ m o   . . .  
 +   ~ ~ ~ ~ ~ ~ ~ ~ ~ ~ ~ ~ ~ ~ ~ ~ ~ ~ ~ ~ ~ ~ ~ ~ ~ ~ ~ ~ ~ ~ ~ ~ ~ ~ ~ ~ ~ ~ ~ ~ ~ ~ ~ ~ ~ ~ ~ ~ ~ ~ ~ ~ ~ ~ ~ ~ ~ ~ ~ ~ ~ ~ ~ ~ ~ ~ ~ ~ ~  
         +   C a t e g o r y I n f o                     :   N o t S p e c i f i e d :   ( F a i l e d   t o   c o m p i l e . : S t r i n g )   [ ] ,   R e m o t e E x c e p t i o n  
         +   F u l l y Q u a l i f i e d E r r o r I d   :   N a t i v e C o m m a n d E r r o r  
    
  
 . / a p p / g u i d e / s c h e d u l e / p a g e . t s x : 6 5 : 4 6  
 T y p e   e r r o r :   ' d . s l o t s '   i s   p o s s i b l y   ' u n d e f i n e d ' .  
  
  [ 0 m    [ 9 0 m   6 3   |  [ 3 9 m                                                                           { d  [ 3 3 m .  [ 3 9 m a v a i l a b l e    [ 3 3 m & &  [ 3 9 m   d  [ 3 3 m .  [ 3 9 m t y p e    [ 3 3 m = = =  [ 3 9 m    [ 3 2 m ' c u r r e n t '   
 [ 3 9 m    [ 3 3 m & &  [ 3 9 m   (  
    [ 9 0 m   6 4   |  [ 3 9 m                                                                                    [ 3 3 m <  [ 3 9 m  [ 3 3 m d i v  [ 3 9 m   c l a s s N a m e  [ 3 3 m =  [ 3 9 m  [ 3 2 m " m t - 2   f l e x   f l e x - c o l   g a p - 1   w - f u l l  
 "  [ 3 9 m  [ 3 3 m >  [ 3 9 m  
  [ 3 1 m  [ 1 m >  [ 2 2 m  [ 3 9 m  [ 9 0 m   6 5   |  [ 3 9 m                                                                                           { d  [ 3 3 m .  [ 3 9 m s l o t s  [ 3 3 m .  [ 3 9 m s l i c e (  [ 3 5 m 0  [ 3 9 m  [ 3 3 m ,  [ 3 9 m     
 [ 3 5 m 2  [ 3 9 m )  [ 3 3 m .  [ 3 9 m m a p ( ( s l o t  [ 3 3 m ,  [ 3 9 m   i d x )    [ 3 3 m = >  [ 3 9 m   (  
    [ 9 0 m         |  [ 3 9 m                                                                                              [ 3 1 m  [ 1 m ^  [ 2 2 m  [ 3 9 m  
    [ 9 0 m   6 6   |  [ 3 9 m                                                                                                    [ 3 3 m <  [ 3 9 m  [ 3 3 m s p a n  [ 3 9 m   k e y  [ 3 3 m =  [ 3 9 m { i d x }   c l a s s N a m e  [ 3 3 m =  [ 3 9 m  [ 3 2 m " t e  
 x t - [ 1 0 p x ]   b g - g r e e n - 1 0 0   t e x t - g r e e n - 7 0 0   p x - 1   p y - 0 . 5   r o u n d e d   t e x t - c e n t e r   t r u n c a t e "  [ 3 9 m  [ 3 3 m >  [ 3 9 m  
    [ 9 0 m   6 7   |  [ 3 9 m                                                                                                           Z ? ? { s l o t }  
    [ 9 0 m   6 8   |  [ 3 9 m                                                                                                    [ 3 3 m <  [ 3 9 m  [ 3 3 m /  [ 3 9 m  [ 3 3 m s p a n  [ 3 9 m  [ 3 3 m >  [ 3 9 m  [ 0 m  
 N e x t . j s   b u i l d   w o r k e r   e x i t e d   w i t h   c o d e :   1   a n d   s i g n a l :   n u l l  
 